Analysis & Synthesis report for baud_gen
Sun Jun 22 21:53:14 2025
Quartus II 64-Bit Version 13.0.1 Build 232 06/12/2013 Service Pack 1 SJ Full Version


---------------------
; Table of Contents ;
---------------------
  1. Legal Notice
  2. Analysis & Synthesis Summary
  3. Analysis & Synthesis Settings
  4. Parallel Compilation
  5. Analysis & Synthesis Source Files Read
  6. Analysis & Synthesis Resource Usage Summary
  7. Analysis & Synthesis Resource Utilization by Entity
  8. State Machine - |uart_top|uart_rx:uart_rx_inst|next_state
  9. State Machine - |uart_top|uart_rx:uart_rx_inst|state
 10. State Machine - |uart_top|uart_tx:uart_tx_inst|next_state
 11. State Machine - |uart_top|uart_tx:uart_tx_inst|state
 12. Registers Removed During Synthesis
 13. General Register Statistics
 14. Inverted Register Statistics
 15. Multiplexer Restructuring Statistics (Restructuring Performed)
 16. Parameter Settings for User Entity Instance: baud_gen:baud_gen_inst
 17. Elapsed Time Per Partition
 18. Analysis & Synthesis Messages



----------------
; Legal Notice ;
----------------
Copyright (C) 1991-2013 Altera Corporation
Your use of Altera Corporation's design tools, logic functions 
and other software and tools, and its AMPP partner logic 
functions, and any output files from any of the foregoing 
(including device programming or simulation files), and any 
associated documentation or information are expressly subject 
to the terms and conditions of the Altera Program License 
Subscription Agreement, Altera MegaCore Function License 
Agreement, or other applicable license agreement, including, 
without limitation, that your use is for the sole purpose of 
programming logic devices manufactured by Altera and sold by 
Altera or its authorized distributors.  Please refer to the 
applicable agreement for further details.



+---------------------------------------------------------------------------------------+
; Analysis & Synthesis Summary                                                          ;
+------------------------------------+--------------------------------------------------+
; Analysis & Synthesis Status        ; Successful - Sun Jun 22 21:53:14 2025            ;
; Quartus II 64-Bit Version          ; 13.0.1 Build 232 06/12/2013 SP 1 SJ Full Version ;
; Revision Name                      ; baud_gen                                         ;
; Top-level Entity Name              ; uart_top                                         ;
; Family                             ; Cyclone IV GX                                    ;
; Total logic elements               ; 124                                              ;
;     Total combinational functions  ; 98                                               ;
;     Dedicated logic registers      ; 81                                               ;
; Total registers                    ; 81                                               ;
; Total pins                         ; 23                                               ;
; Total virtual pins                 ; 0                                                ;
; Total memory bits                  ; 0                                                ;
; Embedded Multiplier 9-bit elements ; 0                                                ;
; Total GXB Receiver Channel PCS     ; 0                                                ;
; Total GXB Receiver Channel PMA     ; 0                                                ;
; Total GXB Transmitter Channel PCS  ; 0                                                ;
; Total GXB Transmitter Channel PMA  ; 0                                                ;
; Total PLLs                         ; 0                                                ;
+------------------------------------+--------------------------------------------------+


+----------------------------------------------------------------------------------------------------------------------+
; Analysis & Synthesis Settings                                                                                        ;
+----------------------------------------------------------------------------+--------------------+--------------------+
; Option                                                                     ; Setting            ; Default Value      ;
+----------------------------------------------------------------------------+--------------------+--------------------+
; Top-level entity name                                                      ; uart_top           ; baud_gen           ;
; Family name                                                                ; Cyclone IV GX      ; Cyclone IV GX      ;
; Use smart compilation                                                      ; Off                ; Off                ;
; Enable parallel Assembler and TimeQuest Timing Analyzer during compilation ; On                 ; On                 ;
; Enable compact report table                                                ; Off                ; Off                ;
; Restructure Multiplexers                                                   ; Auto               ; Auto               ;
; Create Debugging Nodes for IP Cores                                        ; Off                ; Off                ;
; Preserve fewer node names                                                  ; On                 ; On                 ;
; Disable OpenCore Plus hardware evaluation                                  ; Off                ; Off                ;
; Verilog Version                                                            ; Verilog_2001       ; Verilog_2001       ;
; VHDL Version                                                               ; VHDL_1993          ; VHDL_1993          ;
; State Machine Processing                                                   ; Auto               ; Auto               ;
; Safe State Machine                                                         ; Off                ; Off                ;
; Extract Verilog State Machines                                             ; On                 ; On                 ;
; Extract VHDL State Machines                                                ; On                 ; On                 ;
; Ignore Verilog initial constructs                                          ; Off                ; Off                ;
; Iteration limit for constant Verilog loops                                 ; 5000               ; 5000               ;
; Iteration limit for non-constant Verilog loops                             ; 250                ; 250                ;
; Add Pass-Through Logic to Inferred RAMs                                    ; On                 ; On                 ;
; Infer RAMs from Raw Logic                                                  ; On                 ; On                 ;
; Parallel Synthesis                                                         ; On                 ; On                 ;
; DSP Block Balancing                                                        ; Auto               ; Auto               ;
; NOT Gate Push-Back                                                         ; On                 ; On                 ;
; Power-Up Don't Care                                                        ; On                 ; On                 ;
; Remove Redundant Logic Cells                                               ; Off                ; Off                ;
; Remove Duplicate Registers                                                 ; On                 ; On                 ;
; Ignore CARRY Buffers                                                       ; Off                ; Off                ;
; Ignore CASCADE Buffers                                                     ; Off                ; Off                ;
; Ignore GLOBAL Buffers                                                      ; Off                ; Off                ;
; Ignore ROW GLOBAL Buffers                                                  ; Off                ; Off                ;
; Ignore LCELL Buffers                                                       ; Off                ; Off                ;
; Ignore SOFT Buffers                                                        ; On                 ; On                 ;
; Limit AHDL Integers to 32 Bits                                             ; Off                ; Off                ;
; Optimization Technique                                                     ; Balanced           ; Balanced           ;
; Carry Chain Length                                                         ; 70                 ; 70                 ;
; Auto Carry Chains                                                          ; On                 ; On                 ;
; Auto Open-Drain Pins                                                       ; On                 ; On                 ;
; Perform WYSIWYG Primitive Resynthesis                                      ; Off                ; Off                ;
; Auto ROM Replacement                                                       ; On                 ; On                 ;
; Auto RAM Replacement                                                       ; On                 ; On                 ;
; Auto DSP Block Replacement                                                 ; On                 ; On                 ;
; Auto Shift Register Replacement                                            ; Auto               ; Auto               ;
; Allow Shift Register Merging across Hierarchies                            ; Auto               ; Auto               ;
; Auto Clock Enable Replacement                                              ; On                 ; On                 ;
; Strict RAM Replacement                                                     ; Off                ; Off                ;
; Allow Synchronous Control Signals                                          ; On                 ; On                 ;
; Force Use of Synchronous Clear Signals                                     ; Off                ; Off                ;
; Auto RAM Block Balancing                                                   ; On                 ; On                 ;
; Auto RAM to Logic Cell Conversion                                          ; Off                ; Off                ;
; Auto Resource Sharing                                                      ; Off                ; Off                ;
; Allow Any RAM Size For Recognition                                         ; Off                ; Off                ;
; Allow Any ROM Size For Recognition                                         ; Off                ; Off                ;
; Allow Any Shift Register Size For Recognition                              ; Off                ; Off                ;
; Use LogicLock Constraints during Resource Balancing                        ; On                 ; On                 ;
; Ignore translate_off and synthesis_off directives                          ; Off                ; Off                ;
; Timing-Driven Synthesis                                                    ; On                 ; On                 ;
; Report Parameter Settings                                                  ; On                 ; On                 ;
; Report Source Assignments                                                  ; On                 ; On                 ;
; Report Connectivity Checks                                                 ; On                 ; On                 ;
; Ignore Maximum Fan-Out Assignments                                         ; Off                ; Off                ;
; Synchronization Register Chain Length                                      ; 2                  ; 2                  ;
; PowerPlay Power Optimization                                               ; Normal compilation ; Normal compilation ;
; HDL message level                                                          ; Level2             ; Level2             ;
; Suppress Register Optimization Related Messages                            ; Off                ; Off                ;
; Number of Removed Registers Reported in Synthesis Report                   ; 5000               ; 5000               ;
; Number of Swept Nodes Reported in Synthesis Report                         ; 5000               ; 5000               ;
; Number of Inverted Registers Reported in Synthesis Report                  ; 100                ; 100                ;
; Clock MUX Protection                                                       ; On                 ; On                 ;
; Auto Gated Clock Conversion                                                ; Off                ; Off                ;
; Block Design Naming                                                        ; Auto               ; Auto               ;
; SDC constraint protection                                                  ; Off                ; Off                ;
; Synthesis Effort                                                           ; Auto               ; Auto               ;
; Shift Register Replacement - Allow Asynchronous Clear Signal               ; On                 ; On                 ;
; Pre-Mapping Resynthesis Optimization                                       ; Off                ; Off                ;
; Analysis & Synthesis Message Level                                         ; Medium             ; Medium             ;
; Disable Register Merging Across Hierarchies                                ; Auto               ; Auto               ;
; Resource Aware Inference For Block RAM                                     ; On                 ; On                 ;
; Synthesis Seed                                                             ; 1                  ; 1                  ;
+----------------------------------------------------------------------------+--------------------+--------------------+


+------------------------------------------+
; Parallel Compilation                     ;
+----------------------------+-------------+
; Processors                 ; Number      ;
+----------------------------+-------------+
; Number detected on machine ; 16          ;
; Maximum allowed            ; 16          ;
;                            ;             ;
; Average used               ; 1.00        ;
; Maximum used               ; 1           ;
;                            ;             ;
; Usage by Processor         ; % Time Used ;
;     Processor 1            ; 100.0%      ;
;     Processors 2-16        ;   0.0%      ;
+----------------------------+-------------+


+---------------------------------------------------------------------------------------------------------------------------------------------------------+
; Analysis & Synthesis Source Files Read                                                                                                                  ;
+----------------------------------+-----------------+------------------------+-----------------------------------------------------------------+---------+
; File Name with User-Entered Path ; Used in Netlist ; File Type              ; File Name with Absolute Path                                    ; Library ;
+----------------------------------+-----------------+------------------------+-----------------------------------------------------------------+---------+
; baud_gen.v                       ; yes             ; User Verilog HDL File  ; D:/Desktop/Github/School/QuartusII/LastWork_baud_gen/baud_gen.v ;         ;
; uart_tx.v                        ; yes             ; User Verilog HDL File  ; D:/Desktop/Github/School/QuartusII/LastWork_baud_gen/uart_tx.v  ;         ;
; uart_rx.v                        ; yes             ; User Verilog HDL File  ; D:/Desktop/Github/School/QuartusII/LastWork_baud_gen/uart_rx.v  ;         ;
; uart_top.v                       ; yes             ; User Verilog HDL File  ; D:/Desktop/Github/School/QuartusII/LastWork_baud_gen/uart_top.v ;         ;
+----------------------------------+-----------------+------------------------+-----------------------------------------------------------------+---------+


+---------------------------------------------+
; Analysis & Synthesis Resource Usage Summary ;
+--------------------------+------------------+
; Resource                 ; Usage            ;
+--------------------------+------------------+
; I/O pins                 ; 23               ;
; DSP block 9-bit elements ; 0                ;
; Maximum fan-out node     ; clk~input        ;
; Maximum fan-out          ; 81               ;
; Total fan-out            ; 611              ;
; Average fan-out          ; 2.72             ;
+--------------------------+------------------+


+-------------------------------------------------------------------------------------------------------------------------------------------------------------------------------------------------------+
; Analysis & Synthesis Resource Utilization by Entity                                                                                                                                                   ;
+-----------------------------+-------------------+--------------+-------------+--------------+---------+-----------+-----------+------+--------------+----------------------------------+--------------+
; Compilation Hierarchy Node  ; LC Combinationals ; LC Registers ; Memory Bits ; DSP Elements ; DSP 9x9 ; DSP 18x18 ; DSP 36x36 ; Pins ; Virtual Pins ; Full Hierarchy Name              ; Library Name ;
+-----------------------------+-------------------+--------------+-------------+--------------+---------+-----------+-----------+------+--------------+----------------------------------+--------------+
; |uart_top                   ; 98 (0)            ; 81 (0)       ; 0           ; 0            ; 0       ; 0         ; 0         ; 23   ; 0            ; |uart_top                        ; work         ;
;    |baud_gen:baud_gen_inst| ; 26 (26)           ; 17 (17)      ; 0           ; 0            ; 0       ; 0         ; 0         ; 0    ; 0            ; |uart_top|baud_gen:baud_gen_inst ; work         ;
;    |uart_rx:uart_rx_inst|   ; 47 (47)           ; 39 (39)      ; 0           ; 0            ; 0       ; 0         ; 0         ; 0    ; 0            ; |uart_top|uart_rx:uart_rx_inst   ; work         ;
;    |uart_tx:uart_tx_inst|   ; 25 (25)           ; 25 (25)      ; 0           ; 0            ; 0       ; 0         ; 0         ; 0    ; 0            ; |uart_top|uart_tx:uart_tx_inst   ; work         ;
+-----------------------------+-------------------+--------------+-------------+--------------+---------+-----------+-----------+------+--------------+----------------------------------+--------------+
Note: For table entries with two numbers listed, the numbers in parentheses indicate the number of resources of the given type used by the specific entity alone. The numbers listed outside of parentheses indicate the total resources of the given type used by the specific entity and all of its sub-entities in the hierarchy.


Encoding Type:  One-Hot
+-----------------------------------------------------------------------------------------------------------------------------------+
; State Machine - |uart_top|uart_rx:uart_rx_inst|next_state                                                                         ;
+-----------------------+-----------------------+--------------------+----------------------+-----------------+---------------------+
; Name                  ; next_state.PARITY_CHK ; next_state.DATA_RX ; next_state.START_DET ; next_state.IDLE ; next_state.STOP_CHK ;
+-----------------------+-----------------------+--------------------+----------------------+-----------------+---------------------+
; next_state.IDLE       ; 0                     ; 0                  ; 0                    ; 0               ; 0                   ;
; next_state.START_DET  ; 0                     ; 0                  ; 1                    ; 1               ; 0                   ;
; next_state.DATA_RX    ; 0                     ; 1                  ; 0                    ; 1               ; 0                   ;
; next_state.PARITY_CHK ; 1                     ; 0                  ; 0                    ; 1               ; 0                   ;
; next_state.STOP_CHK   ; 0                     ; 0                  ; 0                    ; 1               ; 1                   ;
+-----------------------+-----------------------+--------------------+----------------------+-----------------+---------------------+


Encoding Type:  One-Hot
+-----------------------------------------------------------------------------------------------------+
; State Machine - |uart_top|uart_rx:uart_rx_inst|state                                                ;
+------------------+------------------+---------------+-----------------+------------+----------------+
; Name             ; state.PARITY_CHK ; state.DATA_RX ; state.START_DET ; state.IDLE ; state.STOP_CHK ;
+------------------+------------------+---------------+-----------------+------------+----------------+
; state.IDLE       ; 0                ; 0             ; 0               ; 0          ; 0              ;
; state.START_DET  ; 0                ; 0             ; 1               ; 1          ; 0              ;
; state.DATA_RX    ; 0                ; 1             ; 0               ; 1          ; 0              ;
; state.PARITY_CHK ; 1                ; 0             ; 0               ; 1          ; 0              ;
; state.STOP_CHK   ; 0                ; 0             ; 0               ; 1          ; 1              ;
+------------------+------------------+---------------+-----------------+------------+----------------+


Encoding Type:  One-Hot
+----------------------------------------------------------------------------------------------------------------+
; State Machine - |uart_top|uart_tx:uart_tx_inst|next_state                                                      ;
+-------------------+-------------------+-----------------+------------------+-----------------+-----------------+
; Name              ; next_state.PARITY ; next_state.DATA ; next_state.START ; next_state.IDLE ; next_state.STOP ;
+-------------------+-------------------+-----------------+------------------+-----------------+-----------------+
; next_state.IDLE   ; 0                 ; 0               ; 0                ; 0               ; 0               ;
; next_state.START  ; 0                 ; 0               ; 1                ; 1               ; 0               ;
; next_state.DATA   ; 0                 ; 1               ; 0                ; 1               ; 0               ;
; next_state.PARITY ; 1                 ; 0               ; 0                ; 1               ; 0               ;
; next_state.STOP   ; 0                 ; 0               ; 0                ; 1               ; 1               ;
+-------------------+-------------------+-----------------+------------------+-----------------+-----------------+


Encoding Type:  One-Hot
+----------------------------------------------------------------------------------+
; State Machine - |uart_top|uart_tx:uart_tx_inst|state                             ;
+--------------+--------------+------------+-------------+------------+------------+
; Name         ; state.PARITY ; state.DATA ; state.START ; state.IDLE ; state.STOP ;
+--------------+--------------+------------+-------------+------------+------------+
; state.IDLE   ; 0            ; 0          ; 0           ; 0          ; 0          ;
; state.START  ; 0            ; 0          ; 1           ; 1          ; 0          ;
; state.DATA   ; 0            ; 1          ; 0           ; 1          ; 0          ;
; state.PARITY ; 1            ; 0          ; 0           ; 1          ; 0          ;
; state.STOP   ; 0            ; 0          ; 0           ; 1          ; 1          ;
+--------------+--------------+------------+-------------+------------+------------+


+-------------------------------------------------------------+
; Registers Removed During Synthesis                          ;
+----------------------------------------+--------------------+
; Register name                          ; Reason for Removal ;
+----------------------------------------+--------------------+
; uart_rx:uart_rx_inst|next_state~2      ; Lost fanout        ;
; uart_rx:uart_rx_inst|next_state~3      ; Lost fanout        ;
; uart_rx:uart_rx_inst|state~4           ; Lost fanout        ;
; uart_rx:uart_rx_inst|state~5           ; Lost fanout        ;
; uart_tx:uart_tx_inst|next_state~2      ; Lost fanout        ;
; uart_tx:uart_tx_inst|next_state~3      ; Lost fanout        ;
; uart_tx:uart_tx_inst|next_state~5      ; Lost fanout        ;
; uart_tx:uart_tx_inst|state~4           ; Lost fanout        ;
; uart_tx:uart_tx_inst|state~5           ; Lost fanout        ;
; uart_tx:uart_tx_inst|state~7           ; Lost fanout        ;
; Total Number of Removed Registers = 10 ;                    ;
+----------------------------------------+--------------------+


+------------------------------------------------------+
; General Register Statistics                          ;
+----------------------------------------------+-------+
; Statistic                                    ; Value ;
+----------------------------------------------+-------+
; Total registers                              ; 81    ;
; Number of registers using Synchronous Clear  ; 0     ;
; Number of registers using Synchronous Load   ; 0     ;
; Number of registers using Asynchronous Clear ; 71    ;
; Number of registers using Asynchronous Load  ; 0     ;
; Number of registers using Clock Enable       ; 35    ;
; Number of registers using Preset             ; 0     ;
+----------------------------------------------+-------+


+--------------------------------------------------+
; Inverted Register Statistics                     ;
+----------------------------------------+---------+
; Inverted Register                      ; Fan out ;
+----------------------------------------+---------+
; uart_tx:uart_tx_inst|tx                ; 2       ;
; uart_rx:uart_rx_inst|rx_reg            ; 15      ;
; uart_rx:uart_rx_inst|rx_ready          ; 4       ;
; Total number of inverted registers = 3 ;         ;
+----------------------------------------+---------+


+------------------------------------------------------------------------------------------------------------------------------------------------------------+
; Multiplexer Restructuring Statistics (Restructuring Performed)                                                                                             ;
+--------------------+-----------+---------------+----------------------+------------------------+------------+----------------------------------------------+
; Multiplexer Inputs ; Bus Width ; Baseline Area ; Area if Restructured ; Saving if Restructured ; Registered ; Example Multiplexer Output                   ;
+--------------------+-----------+---------------+----------------------+------------------------+------------+----------------------------------------------+
; 3:1                ; 4 bits    ; 8 LEs         ; 4 LEs                ; 4 LEs                  ; Yes        ; |uart_top|uart_rx:uart_rx_inst|sample_cnt[3] ;
; 5:1                ; 4 bits    ; 12 LEs        ; 4 LEs                ; 8 LEs                  ; Yes        ; |uart_top|uart_rx:uart_rx_inst|bit_cnt[0]    ;
; 5:1                ; 4 bits    ; 12 LEs        ; 4 LEs                ; 8 LEs                  ; Yes        ; |uart_top|uart_tx:uart_tx_inst|bit_cnt[3]    ;
+--------------------+-----------+---------------+----------------------+------------------------+------------+----------------------------------------------+


+---------------------------------------------------------------------+
; Parameter Settings for User Entity Instance: baud_gen:baud_gen_inst ;
+----------------+----------+-----------------------------------------+
; Parameter Name ; Value    ; Type                                    ;
+----------------+----------+-----------------------------------------+
; BAUD_RATE      ; 115200   ; Signed Integer                          ;
; SYS_CLK        ; 50000000 ; Signed Integer                          ;
; DIVIDER        ; 26       ; Signed Integer                          ;
+----------------+----------+-----------------------------------------+
Note: In order to hide this table in the UI and the text report file, please set the "Show Parameter Settings in Synthesis Report" option in "Analysis and Synthesis Settings -> More Settings" to "Off".


+-------------------------------+
; Elapsed Time Per Partition    ;
+----------------+--------------+
; Partition Name ; Elapsed Time ;
+----------------+--------------+
; Top            ; 00:00:00     ;
+----------------+--------------+


+-------------------------------+
; Analysis & Synthesis Messages ;
+-------------------------------+
Info: *******************************************************************
Info: Running Quartus II 64-Bit Analysis & Synthesis
    Info: Version 13.0.1 Build 232 06/12/2013 Service Pack 1 SJ Full Version
    Info: Processing started: Sun Jun 22 21:53:13 2025
Info: Command: quartus_map --read_settings_files=on --write_settings_files=off baud_gen -c baud_gen
Info (20030): Parallel compilation is enabled and will use 16 of the 16 processors detected
Info (12021): Found 1 design units, including 1 entities, in source file baud_gen.v
    Info (12023): Found entity 1: baud_gen
Info (12021): Found 1 design units, including 1 entities, in source file uart_tx.v
    Info (12023): Found entity 1: uart_tx
Info (12021): Found 1 design units, including 1 entities, in source file uart_rx.v
    Info (12023): Found entity 1: uart_rx
Info (12021): Found 1 design units, including 1 entities, in source file uart_top.v
    Info (12023): Found entity 1: uart_top
Info (12021): Found 1 design units, including 1 entities, in source file uart_tb.v
    Info (12023): Found entity 1: uart_tb
Info (12127): Elaborating entity "uart_top" for the top level hierarchy
Info (12128): Elaborating entity "baud_gen" for hierarchy "baud_gen:baud_gen_inst"
Info (12128): Elaborating entity "uart_tx" for hierarchy "uart_tx:uart_tx_inst"
Info (12128): Elaborating entity "uart_rx" for hierarchy "uart_rx:uart_rx_inst"
Info (13000): Registers with preset signals will power-up high
Info (13003): DEV_CLRn pin will set, and not reset, register with preset signal due to NOT Gate Push-Back
Info (286030): Timing-Driven Synthesis is running
Info (17049): 10 registers lost all their fanouts during netlist optimizations.
Info (16010): Generating hard_block partition "hard_block:auto_generated_inst"
    Info (16011): Adding 0 node(s), including 0 DDIO, 0 PLL, 0 transceiver and 0 LCELL
Info (21057): Implemented 147 device resources after synthesis - the final resource count might be different
    Info (21058): Implemented 12 input pins
    Info (21059): Implemented 11 output pins
    Info (21061): Implemented 124 logic cells
Info: Quartus II 64-Bit Analysis & Synthesis was successful. 0 errors, 0 warnings
    Info: Peak virtual memory: 4690 megabytes
    Info: Processing ended: Sun Jun 22 21:53:14 2025
    Info: Elapsed time: 00:00:01
    Info: Total CPU time (on all processors): 00:00:02


